// Jest Snapshot v1, https://goo.gl/fbAQLP

exports[`should render BookDetails component 1`] = `
Object {
  "asFragment": [Function],
  "baseElement": <body>
    <div>
      <div
        class="row g-0 justify-content-center"
      >
        <div
          class="col-md-11"
        >
          <h3
            class="text-center text-secondary fw-bold"
          >
            Book Details
          </h3>
          <div
            class="list-group"
          >
            <div
              class="list-group-item"
            >
              <span
                class="fw-bold mx-2"
              >
                Title:
              </span>
              <span>
                Title 1
              </span>
            </div>
            <div
              class="list-group-item"
            >
              <span
                class="fw-bold mx-2"
              >
                Author:
              </span>
              <span>
                Author 1
              </span>
            </div>
            <div
              class="text-center list-group-item"
            >
              <button
                class="w-50 btn btn-danger"
                type="button"
              >
                Delete Book
              </button>
            </div>
          </div>
          <div
            class="mt-3 list-group"
          >
            <div
              class="text-center list-group-item"
            >
              <span
                class="fw-bold"
              >
                Author's Books
              </span>
            </div>
            <div
              class="overflow-auto"
              style="height: calc(100vh - 350px);"
            >
              <div
                class="list-group-item"
              >
                Title 1
              </div>
              <div
                class="list-group-item"
              >
                Title 2
              </div>
            </div>
          </div>
        </div>
      </div>
    </div>
  </body>,
  "container": <div>
    <div
      class="row g-0 justify-content-center"
    >
      <div
        class="col-md-11"
      >
        <h3
          class="text-center text-secondary fw-bold"
        >
          Book Details
        </h3>
        <div
          class="list-group"
        >
          <div
            class="list-group-item"
          >
            <span
              class="fw-bold mx-2"
            >
              Title:
            </span>
            <span>
              Title 1
            </span>
          </div>
          <div
            class="list-group-item"
          >
            <span
              class="fw-bold mx-2"
            >
              Author:
            </span>
            <span>
              Author 1
            </span>
          </div>
          <div
            class="text-center list-group-item"
          >
            <button
              class="w-50 btn btn-danger"
              type="button"
            >
              Delete Book
            </button>
          </div>
        </div>
        <div
          class="mt-3 list-group"
        >
          <div
            class="text-center list-group-item"
          >
            <span
              class="fw-bold"
            >
              Author's Books
            </span>
          </div>
          <div
            class="overflow-auto"
            style="height: calc(100vh - 350px);"
          >
            <div
              class="list-group-item"
            >
              Title 1
            </div>
            <div
              class="list-group-item"
            >
              Title 2
            </div>
          </div>
        </div>
      </div>
    </div>
  </div>,
  "debug": [Function],
  "findAllByAltText": [Function],
  "findAllByDisplayValue": [Function],
  "findAllByLabelText": [Function],
  "findAllByPlaceholderText": [Function],
  "findAllByRole": [Function],
  "findAllByTestId": [Function],
  "findAllByText": [Function],
  "findAllByTitle": [Function],
  "findByAltText": [Function],
  "findByDisplayValue": [Function],
  "findByLabelText": [Function],
  "findByPlaceholderText": [Function],
  "findByRole": [Function],
  "findByTestId": [Function],
  "findByText": [Function],
  "findByTitle": [Function],
  "getAllByAltText": [Function],
  "getAllByDisplayValue": [Function],
  "getAllByLabelText": [Function],
  "getAllByPlaceholderText": [Function],
  "getAllByRole": [Function],
  "getAllByTestId": [Function],
  "getAllByText": [Function],
  "getAllByTitle": [Function],
  "getByAltText": [Function],
  "getByDisplayValue": [Function],
  "getByLabelText": [Function],
  "getByPlaceholderText": [Function],
  "getByRole": [Function],
  "getByTestId": [Function],
  "getByText": [Function],
  "getByTitle": [Function],
  "queryAllByAltText": [Function],
  "queryAllByDisplayValue": [Function],
  "queryAllByLabelText": [Function],
  "queryAllByPlaceholderText": [Function],
  "queryAllByRole": [Function],
  "queryAllByTestId": [Function],
  "queryAllByText": [Function],
  "queryAllByTitle": [Function],
  "queryByAltText": [Function],
  "queryByDisplayValue": [Function],
  "queryByLabelText": [Function],
  "queryByPlaceholderText": [Function],
  "queryByRole": [Function],
  "queryByTestId": [Function],
  "queryByText": [Function],
  "queryByTitle": [Function],
  "rerender": [Function],
  "unmount": [Function],
}
`;
