// Jest Snapshot v1, https://goo.gl/fbAQLP

exports[`should render BookList component 1`] = `
Object {
  "asFragment": [Function],
  "baseElement": <body>
    <div>
      <div
        class="row g-0"
      >
        <div
          class="col-md-7 overflow-auto"
          style="height: 450px;"
        >
          <h3
            class="text-center text-secondary fw-bold"
          >
            Books
          </h3>
          <span
            class="mx-2 mt-2 fs-6 badge bg-primary"
          >
            Title 1
          </span>
          <span
            class="mx-2 mt-2 fs-6 badge bg-primary"
          >
            Title 2
          </span>
          <span
            class="mx-2 mt-2 fs-6 badge bg-primary"
          >
            Title 3
          </span>
          <button
            class="fixed-bottom w-25 btn btn-outline-success"
            style="left: 20px; bottom: 20px;"
            type="button"
          >
            Add New Book
          </button>
        </div>
      </div>
    </div>
  </body>,
  "container": <div>
    <div
      class="row g-0"
    >
      <div
        class="col-md-7 overflow-auto"
        style="height: 450px;"
      >
        <h3
          class="text-center text-secondary fw-bold"
        >
          Books
        </h3>
        <span
          class="mx-2 mt-2 fs-6 badge bg-primary"
        >
          Title 1
        </span>
        <span
          class="mx-2 mt-2 fs-6 badge bg-primary"
        >
          Title 2
        </span>
        <span
          class="mx-2 mt-2 fs-6 badge bg-primary"
        >
          Title 3
        </span>
        <button
          class="fixed-bottom w-25 btn btn-outline-success"
          style="left: 20px; bottom: 20px;"
          type="button"
        >
          Add New Book
        </button>
      </div>
    </div>
  </div>,
  "debug": [Function],
  "findAllByAltText": [Function],
  "findAllByDisplayValue": [Function],
  "findAllByLabelText": [Function],
  "findAllByPlaceholderText": [Function],
  "findAllByRole": [Function],
  "findAllByTestId": [Function],
  "findAllByText": [Function],
  "findAllByTitle": [Function],
  "findByAltText": [Function],
  "findByDisplayValue": [Function],
  "findByLabelText": [Function],
  "findByPlaceholderText": [Function],
  "findByRole": [Function],
  "findByTestId": [Function],
  "findByText": [Function],
  "findByTitle": [Function],
  "getAllByAltText": [Function],
  "getAllByDisplayValue": [Function],
  "getAllByLabelText": [Function],
  "getAllByPlaceholderText": [Function],
  "getAllByRole": [Function],
  "getAllByTestId": [Function],
  "getAllByText": [Function],
  "getAllByTitle": [Function],
  "getByAltText": [Function],
  "getByDisplayValue": [Function],
  "getByLabelText": [Function],
  "getByPlaceholderText": [Function],
  "getByRole": [Function],
  "getByTestId": [Function],
  "getByText": [Function],
  "getByTitle": [Function],
  "queryAllByAltText": [Function],
  "queryAllByDisplayValue": [Function],
  "queryAllByLabelText": [Function],
  "queryAllByPlaceholderText": [Function],
  "queryAllByRole": [Function],
  "queryAllByTestId": [Function],
  "queryAllByText": [Function],
  "queryAllByTitle": [Function],
  "queryByAltText": [Function],
  "queryByDisplayValue": [Function],
  "queryByLabelText": [Function],
  "queryByPlaceholderText": [Function],
  "queryByRole": [Function],
  "queryByTestId": [Function],
  "queryByText": [Function],
  "queryByTitle": [Function],
  "rerender": [Function],
  "unmount": [Function],
}
`;
